// Jest Snapshot v1, https://goo.gl/fbAQLP

exports[`<GiftGridItem/>: Pruebas de Componente  Debe hacer match con el snapshot 1`] = `
<div>
  <div
    class="card"
  >
    <p>
       
      Esto es una prueba
       
    </p>
    <img
      alt="Esto es una prueba"
      src="http://www.pruebita.com/imagen.jpg"
    />
  </div>
</div>
`;
